convex/boards.ts(8,19): error TS2339: Property 'optimal' does not exist on type '{ id: <TableName extends string>(tableName: TableName) => VId<Id<TableName>, "required">; null: () => VNull<null, "required">; number: () => VFloat64<number, "required">; ... 12 more ...; optional: <T_4 extends GenericValidator>(value: T_4) => VOptional<...>; }'.
convex/boards.ts(21,13): error TS2740: Type 'OrderedQuery<{ document: { _id: Id<"boards">; _creationTime: number; title: string; orgId: string; authorName: string; authorId: string; imageUrl: string; }; fieldPaths: ExtractFieldPaths<VObject<{ title: string; orgId: string; authorName: string; authorId: string; imageUrl: string; }, { ...; }, "required", "title" ...' is missing the following properties from type 'any[]': length, pop, push, concat, and 34 more.
